ERROR MESSGE: b'error: unable to recognize "/home/sadlerap/repos/service-binding-operator/test/acceptance/resources/provisioned_backend_crdv1beta1.operator.manifest.yaml": no matches for kind "CustomResourceDefinition" in version "apiextensions.k8s.io/v1beta1"\n'
